legacy shift+left: 1b5b313b3244
legacy shift+up: 1b5b313b3241
legacy shift+right: 1b5b313b3243
legacy shift+down: 1b5b313b3242
legacy shift+a: 41
legacy shift+b: 42
legacy shift+!: 21
legacy shift+plus: 2b
legacy shift+space: 20
legacy shift+я: d18f
legacy shift+😀: f09f9880
legacy shift+enter: 0d
legacy shift+tab: 1b5b5a
legacy shift+backspace: 7f
legacy alt+left: 1b5b313b3344
legacy alt+up: 1b5b313b3341
legacy alt+right: 1b5b313b3343
legacy alt+down: 1b5b313b3342
legacy alt+a: 1b61
legacy alt+b: 1b62
legacy alt+!: 1b21
legacy alt+plus: 1b2b
legacy alt+space: 1b20
legacy alt+я: 1bd18f
legacy alt+😀: 1bf09f9880
legacy alt+enter: 1b0d
legacy alt+tab: 1b09
legacy alt+backspace: 1b7f
legacy alt+shift+left: 1b5b313b3444
legacy alt+shift+up: 1b5b313b3441
legacy alt+shift+right: 1b5b313b3443
legacy alt+shift+down: 1b5b313b3442
legacy alt+shift+a: 1b41
legacy alt+shift+b: 1b42
legacy alt+shift+!: 1b21
legacy alt+shift+plus: 1b2b
legacy alt+shift+space: 1b20
legacy alt+shift+я: 1bd18f
legacy alt+shift+😀: 1bf09f9880
legacy alt+shift+enter: 1b0d
legacy alt+shift+tab: 1b5b32373b343b397e
legacy alt+shift+backspace: 1b7f
legacy ctrl+left: 1b5b313b3544
legacy ctrl+up: 1b5b313b3541
legacy ctrl+right: 1b5b313b3543
legacy ctrl+down: 1b5b313b3542
legacy ctrl+a: 01
legacy ctrl+b: 02
legacy ctrl+!: 21
legacy ctrl+plus: 2b
legacy ctrl+space: 00
legacy ctrl+я: d18f
legacy ctrl+😀: f09f9880
legacy ctrl+enter: 0d
legacy ctrl+tab: 09
legacy ctrl+backspace: 08
legacy ctrl+shift+left: 1b5b313b3644
legacy ctrl+shift+up: 1b5b313b3641
legacy ctrl+shift+right: 1b5b313b3643
legacy ctrl+shift+down: 1b5b313b3642
legacy ctrl+shift+a: 1b5b39373b3675
legacy ctrl+shift+b: 1b5b39383b3675
legacy ctrl+shift+!: 21
legacy ctrl+shift+plus: 2b
legacy ctrl+shift+space: 00
legacy ctrl+shift+я: d18f
legacy ctrl+shift+😀: f09f9880
legacy ctrl+shift+enter: 0d
legacy ctrl+shift+tab: 1b5b32373b363b397e
legacy ctrl+shift+backspace: 08
legacy ctrl+alt+left: 1b5b313b3744
legacy ctrl+alt+up: 1b5b313b3741
legacy ctrl+alt+right: 1b5b313b3743
legacy ctrl+alt+down: 1b5b313b3742
legacy ctrl+alt+a: 1b01
legacy ctrl+alt+b: 1b02
legacy ctrl+alt+!: 1b21
legacy ctrl+alt+plus: 1b2b
legacy ctrl+alt+space: 1b00
legacy ctrl+alt+я: 1bd18f
legacy ctrl+alt+😀: 1bf09f9880
legacy ctrl+alt+enter: 1b0d
legacy ctrl+alt+tab: 1b5b32373b373b397e
legacy ctrl+alt+backspace: 1b08
legacy ctrl+alt+shift+left: 1b5b313b3844
legacy ctrl+alt+shift+up: 1b5b313b3841
legacy ctrl+alt+shift+right: 1b5b313b3843
legacy ctrl+alt+shift+down: 1b5b313b3842
legacy ctrl+alt+shift+a: 1b5b39373b3875
legacy ctrl+alt+shift+b: 1b5b39383b3875
legacy ctrl+alt+shift+!: 1b21
legacy ctrl+alt+shift+plus: 1b2b
legacy ctrl+alt+shift+space: 1b00
legacy ctrl+alt+shift+я: 1bd18f
legacy ctrl+alt+shift+😀: 1bf09f9880
legacy ctrl+alt+shift+enter: 1b0d
legacy ctrl+alt+shift+tab: 1b5b32373b383b397e
legacy ctrl+alt+shift+backspace: 7f
PASS legacy: seven modifier combinations, repeated keys, actual PTY bytes, touch focus, paste, IME, reset
kitty shift+left: 1b5b313b3244
kitty shift+up: 1b5b313b3241
kitty shift+right: 1b5b313b3243
kitty shift+down: 1b5b313b3242
kitty shift+a: 1b5b39373b3275
kitty shift+b: 1b5b39383b3275
kitty shift+!: 1b5b33333b3275
kitty shift+plus: 1b5b34333b3275
kitty shift+space: 1b5b33323b3275
kitty shift+я: 1b5b313130333b3275
kitty shift+😀: 1b5b3132383531323b3275
kitty shift+enter: 1b5b31333b3275
kitty shift+tab: 1b5b393b3275
kitty shift+backspace: 1b5b3132373b3275
kitty alt+left: 1b5b313b3344
kitty alt+up: 1b5b313b3341
kitty alt+right: 1b5b313b3343
kitty alt+down: 1b5b313b3342
kitty alt+a: 1b5b39373b3375
kitty alt+b: 1b5b39383b3375
kitty alt+!: 1b5b33333b3375
kitty alt+plus: 1b5b34333b3375
kitty alt+space: 1b5b33323b3375
kitty alt+я: 1b5b313130333b3375
kitty alt+😀: 1b5b3132383531323b3375
kitty alt+enter: 1b5b31333b3375
kitty alt+tab: 1b5b393b3375
kitty alt+backspace: 1b5b3132373b3375
kitty alt+shift+left: 1b5b313b3444
kitty alt+shift+up: 1b5b313b3441
kitty alt+shift+right: 1b5b313b3443
kitty alt+shift+down: 1b5b313b3442
kitty alt+shift+a: 1b5b39373b3475
kitty alt+shift+b: 1b5b39383b3475
kitty alt+shift+!: 1b5b33333b3475
kitty alt+shift+plus: 1b5b34333b3475
kitty alt+shift+space: 1b5b33323b3475
kitty alt+shift+я: 1b5b313130333b3475
kitty alt+shift+😀: 1b5b3132383531323b3475
kitty alt+shift+enter: 1b5b31333b3475
kitty alt+shift+tab: 1b5b393b3475
kitty alt+shift+backspace: 1b5b3132373b3475
kitty ctrl+left: 1b5b313b3544
kitty ctrl+up: 1b5b313b3541
kitty ctrl+right: 1b5b313b3543
kitty ctrl+down: 1b5b313b3542
kitty ctrl+a: 1b5b39373b3575
kitty ctrl+b: 1b5b39383b3575
kitty ctrl+!: 1b5b33333b3575
kitty ctrl+plus: 1b5b34333b3575
kitty ctrl+space: 1b5b33323b3575
kitty ctrl+я: 1b5b313130333b3575
kitty ctrl+😀: 1b5b3132383531323b3575
kitty ctrl+enter: 1b5b31333b3575
kitty ctrl+tab: 1b5b393b3575
kitty ctrl+backspace: 1b5b3132373b3575
kitty ctrl+shift+left: 1b5b313b3644
kitty ctrl+shift+up: 1b5b313b3641
kitty ctrl+shift+right: 1b5b313b3643
kitty ctrl+shift+down: 1b5b313b3642
kitty ctrl+shift+a: 1b5b39373b3675
kitty ctrl+shift+b: 1b5b39383b3675
kitty ctrl+shift+!: 1b5b33333b3675
kitty ctrl+shift+plus: 1b5b34333b3675
kitty ctrl+shift+space: 1b5b33323b3675
kitty ctrl+shift+я: 1b5b313130333b3675
kitty ctrl+shift+😀: 1b5b3132383531323b3675
kitty ctrl+shift+enter: 1b5b31333b3675
kitty ctrl+shift+tab: 1b5b393b3675
kitty ctrl+shift+backspace: 1b5b3132373b3675
kitty ctrl+alt+left: 1b5b313b3744
kitty ctrl+alt+up: 1b5b313b3741
kitty ctrl+alt+right: 1b5b313b3743
kitty ctrl+alt+down: 1b5b313b3742
kitty ctrl+alt+a: 1b5b39373b3775
kitty ctrl+alt+b: 1b5b39383b3775
kitty ctrl+alt+!: 1b5b33333b3775
kitty ctrl+alt+plus: 1b5b34333b3775
kitty ctrl+alt+space: 1b5b33323b3775
kitty ctrl+alt+я: 1b5b313130333b3775
kitty ctrl+alt+😀: 1b5b3132383531323b3775
kitty ctrl+alt+enter: 1b5b31333b3775
kitty ctrl+alt+tab: 1b5b393b3775
kitty ctrl+alt+backspace: 1b5b3132373b3775
kitty ctrl+alt+shift+left: 1b5b313b3844
kitty ctrl+alt+shift+up: 1b5b313b3841
kitty ctrl+alt+shift+right: 1b5b313b3843
kitty ctrl+alt+shift+down: 1b5b313b3842
kitty ctrl+alt+shift+a: 1b5b39373b3875
kitty ctrl+alt+shift+b: 1b5b39383b3875
kitty ctrl+alt+shift+!: 1b5b33333b3875
kitty ctrl+alt+shift+plus: 1b5b34333b3875
kitty ctrl+alt+shift+space: 1b5b33323b3875
kitty ctrl+alt+shift+я: 1b5b313130333b3875
kitty ctrl+alt+shift+😀: 1b5b3132383531323b3875
kitty ctrl+alt+shift+enter: 1b5b31333b3875
kitty ctrl+alt+shift+tab: 1b5b393b3875
kitty ctrl+alt+shift+backspace: 1b5b3132373b3875
PASS kitty: seven modifier combinations, repeated keys, actual PTY bytes, touch focus, paste, IME, reset
